// Jest Snapshot v1, https://goo.gl/fbAQLP

exports[`"Button" renders (dark theme) 1`] = `
.emotion-0 {
  color: #fff;
  display: inline-block;
  font-size: 16px;
  font-weight: 600;
  opacity: 1;
  overflow: hidden;
  text-align: center;
  text-overflow: ellipsis;
  text-transform: uppercase;
  white-space: nowrap;
  background-color: #0c78ba;
  border: 0;
  border-radius: 8px;
  cursor: pointer;
  height: 48px;
  line-height: 48px;
  margin-bottom: 16px;
  max-width: 100%;
  min-width: 150px;
  outline: none;
  padding: 0 32px;
  -webkit-text-decoration: none;
  text-decoration: none;
  touch-action: manipulation;
  -webkit-transition: all 0.24s;
  transition: all 0.24s;
  width: auto;
}

.emotion-0:hover,
.emotion-0:focus {
  background-color: rgb(11,113,175);
  -webkit-text-decoration: none;
  text-decoration: none;
}

.emotion-1 {
  background: #000;
  -webkit-transition: background 0.15s;
  transition: background 0.15s;
}

<div
  className="emotion-1"
>
  <button
    className="emotion-0"
  >
    Button
  </button>
</div>
`;

exports[`"Button" renders 1`] = `
.emotion-1 {
  background: rgb(247,248,250);
  -webkit-transition: background 0.15s;
  transition: background 0.15s;
}

.emotion-0 {
  color: #fff;
  display: inline-block;
  font-size: 16px;
  font-weight: 600;
  opacity: 1;
  overflow: hidden;
  text-align: center;
  text-overflow: ellipsis;
  text-transform: uppercase;
  white-space: nowrap;
  background-color: #0c78ba;
  border: 0;
  border-radius: 8px;
  cursor: pointer;
  height: 48px;
  line-height: 48px;
  margin-bottom: 16px;
  max-width: 100%;
  min-width: 150px;
  outline: none;
  padding: 0 32px;
  -webkit-text-decoration: none;
  text-decoration: none;
  touch-action: manipulation;
  -webkit-transition: all 0.24s;
  transition: all 0.24s;
  width: auto;
}

.emotion-0:hover,
.emotion-0:focus {
  background-color: rgb(11,113,175);
  -webkit-text-decoration: none;
  text-decoration: none;
}

<div
  className="emotion-1"
>
  <button
    className="emotion-0"
  >
    Submit
  </button>
</div>
`;

exports[`"Button" renders as block 1`] = `
.emotion-1 {
  background: rgb(247,248,250);
  -webkit-transition: background 0.15s;
  transition: background 0.15s;
}

.emotion-0 {
  color: #fff;
  display: inline-block;
  font-size: 16px;
  font-weight: 600;
  opacity: 1;
  overflow: hidden;
  text-align: center;
  text-overflow: ellipsis;
  text-transform: uppercase;
  white-space: nowrap;
  background-color: #0c78ba;
  border: 0;
  border-radius: 8px;
  cursor: pointer;
  height: 48px;
  line-height: 48px;
  margin-bottom: 16px;
  max-width: 100%;
  min-width: 150px;
  outline: none;
  padding: 0 32px;
  -webkit-text-decoration: none;
  text-decoration: none;
  touch-action: manipulation;
  -webkit-transition: all 0.24s;
  transition: all 0.24s;
  width: 100%;
}

.emotion-0:hover,
.emotion-0:focus {
  background-color: rgb(11,113,175);
  -webkit-text-decoration: none;
  text-decoration: none;
}

<div
  className="emotion-1"
>
  <button
    className="emotion-0"
  >
    Submit
  </button>
</div>
`;

exports[`"Button" renders in loading state 1`] = `
@keyframes animation-0 {
  0% {
    stroke-dashoffset: 251.36;
  }

  100% {
    stroke-dashoffset: 0;
  }
}

@keyframes animation-1 {
  0% {
    -webkit-transform: rotate(0);
    -ms-transform: rotate(0);
    transform: rotate(0);
  }

  100% {
    -webkit-transform: rotate(360deg);
    -ms-transform: rotate(360deg);
    transform: rotate(360deg);
  }
}

.emotion-2 {
  background: rgb(247,248,250);
  -webkit-transition: background 0.15s;
  transition: background 0.15s;
}

.emotion-1 {
  color: #fff;
  display: inline-block;
  font-size: 16px;
  font-weight: 600;
  opacity: 1;
  overflow: hidden;
  text-align: center;
  text-overflow: ellipsis;
  text-transform: uppercase;
  white-space: nowrap;
  background-color: #0c78ba;
  border: 0;
  border-radius: 8px;
  cursor: pointer;
  height: 48px;
  line-height: 48px;
  margin-bottom: 16px;
  max-width: 100%;
  min-width: 150px;
  outline: none;
  padding: 0 32px;
  -webkit-text-decoration: none;
  text-decoration: none;
  touch-action: manipulation;
  -webkit-transition: all 0.24s;
  transition: all 0.24s;
  width: auto;
}

.emotion-1:hover,
.emotion-1:focus {
  background-color: rgb(11,113,175);
  -webkit-text-decoration: none;
  text-decoration: none;
}

.emotion-0 {
  -webkit-animation: animation-0 2400ms ease-in-out infinite, animation-1 2400ms linear -1800ms infinite;
  animation: animation-0 2400ms ease-in-out infinite, animation-1 2400ms linear -1800ms infinite;
  stroke-dasharray: 125.68;
  -webkit-transform-origin: 50% 50%;
  -ms-transform-origin: 50% 50%;
  transform-origin: 50% 50%;
}

<div
  className="emotion-2"
>
  <button
    className="emotion-1"
  >
    <svg
      fill="none"
      height={30}
      strokeWidth="3"
      style={
        Object {
          "display": "flex",
          "margin": "auto",
        }
      }
      viewBox="0 0 43 43"
      width={30}
    >
      <circle
        cx="21.5"
        cy="21.5"
        r="20"
        stroke="rgba(255, 255, 255, 0.07999999999999996)"
      />
      <circle
        className="emotion-0"
        cx="21.5"
        cy="21.5"
        r="20"
        stroke="#fff"
        strokeDasharray={125.68}
        strokeLinecap="round"
      />
    </svg>
  </button>
</div>
`;

exports[`"Button" renders when disabled 1`] = `
.emotion-1 {
  background: rgb(247,248,250);
  -webkit-transition: background 0.15s;
  transition: background 0.15s;
}

.emotion-0 {
  color: #fff;
  display: inline-block;
  font-size: 16px;
  font-weight: 600;
  opacity: 0.56;
  overflow: hidden;
  text-align: center;
  text-overflow: ellipsis;
  text-transform: uppercase;
  white-space: nowrap;
  background-color: #0c78ba;
  border: 0;
  border-radius: 8px;
  cursor: default;
  height: 48px;
  line-height: 48px;
  margin-bottom: 16px;
  max-width: 100%;
  min-width: 150px;
  outline: none;
  padding: 0 32px;
  -webkit-text-decoration: none;
  text-decoration: none;
  touch-action: manipulation;
  -webkit-transition: all 0.24s;
  transition: all 0.24s;
  width: auto;
}

.emotion-0:hover,
.emotion-0:focus {
  background-color: #0c78ba;
  -webkit-text-decoration: none;
  text-decoration: none;
}

<div
  className="emotion-1"
>
  <button
    className="emotion-0"
    disabled={true}
  >
    Submit
  </button>
</div>
`;
