// Jest Snapshot v1, https://goo.gl/fbAQLP

exports[`"DropFileInput" matches snapshot 1`] = `
<div
  className="css-7uml9n-StyledAppContainer"
>
  <div
    className="css-7uml9n-StyledAppContainer"
  >
    <div
      className="css-1y7m5n0"
    >
      <div
        className="css-qtc2fr"
        data-testid="dropzone"
        onDragLeave={[Function]}
        onDragOver={[Function]}
        onDrop={[Function]}
      >
        <div
          className="css-c9hw9m-DropFileInput"
        >
          <svg
            className="css-t97fbx-DropFileInput"
            height={16}
            viewBox="0 0 16 16"
            width={16}
          >
            <g>
              <path
                d="M0 14H16V16H0V14ZM7 11H9V4H13L8 0L3 4H7V11Z"
              />
            </g>
          </svg>
          <div
            className="css-r5lgab-DropFileInput"
          >
            <span
              className="css-1kr0aza"
            >
              Drag & Drop an image 
or
            </span>
            <label
              aria-label="Drag & Drop an image 
or select one from your device (Image (JPG/PNG) size up to 1 MB, minimum 200 x 600 px)"
              className="css-ylkvue"
            >
              <span>
                select one from your device
              </span>
              <input
                accept="image/png, image/jpeg"
                className="css-5ur8x"
                data-testid="file-input"
                onChange={[Function]}
                type="file"
              />
            </label>
          </div>
        </div>
      </div>
      <p
        className="css-14vo0st"
      >
        Image (JPG/PNG) size up to 1 MB, minimum 200 x 600 px
      </p>
    </div>
  </div>
</div>
`;
