// Jest Snapshot v1, https://goo.gl/fbAQLP

exports[`"ErrorMessage" renders 1`] = `
.emotion-1 {
  background: rgb(247,248,250);
  -webkit-transition: background 0.15s;
  transition: background 0.15s;
}

.emotion-0 {
  color: rgb(52,56,59);
  display: inline;
  font-size: 16px;
  font-weight: 300;
  opacity: 1;
  text-align: left;
  text-transform: none;
  color: #fb0807;
  display: block;
  font-size: 11px;
  font-weight: 300;
  opacity: 1;
  text-align: center;
  text-transform: none;
  margin-bottom: 12px;
}

.emotion-0 a {
  color: rgb(52,56,59);
  display: inline;
  font-size: 11px;
  font-weight: 300;
  opacity: 1;
  text-align: left;
  text-transform: none;
  cursor: pointer;
  -webkit-text-decoration: none;
  text-decoration: none;
  -webkit-transition: all 0.24s;
  transition: all 0.24s;
}

.emotion-0 a:hover {
  color: rgb(44,47,50);
}

.emotion-0 a:visited,
.emotion-0 a:link,
.emotion-0 a:active {
  color: rgb(52,56,59);
}

<div
  className="emotion-1"
>
  <span
    className="emotion-0"
  >
    ErrorMessage
  </span>
</div>
`;
