// Jest Snapshot v1, https://goo.gl/fbAQLP

exports[`"Input" renders 1`] = `
.emotion-1 {
  background: rgb(247,248,250);
  -webkit-transition: background 0.15s;
  transition: background 0.15s;
}

.emotion-0 {
  background: #fff;
  border: none;
  border-radius: 4px;
  box-shadow: none;
  caret-color: #2391d3;
  color: rgb(52,56,59);
  font-weight: 300;
  height: 56px;
  line-height: 24px;
  margin: 0 0 16px;
  outline: none;
  padding: 0 16px;
  width: 100%;
}

.emotion-0::-moz-placeholder {
  color: rgb(141,152,159);
  font-size: 11px;
  text-transform: none;
  opacity: 1;
}

.emotion-0::-ms-input-placeholder {
  color: rgb(141,152,159);
  font-size: 11px;
  text-transform: none;
}

.emotion-0::-webkit-input-placeholder {
  color: rgb(141,152,159);
  font-size: 11px;
  text-transform: none;
}

.emotion-0:focus {
  box-shadow: 0 0 0 1px #2391d3;
}

.emotion-0:invalid:not(:focus) {
  box-shadow: none;
}

<div
  className="emotion-1"
>
  <input
    className="wireinput emotion-0"
  />
</div>
`;

exports[`"Input" renders as disabled 1`] = `
.emotion-1 {
  background: rgb(247,248,250);
  -webkit-transition: background 0.15s;
  transition: background 0.15s;
}

.emotion-0 {
  background: rgba(127,136,142,0.16000000000000003);
  border: none;
  border-radius: 4px;
  box-shadow: none;
  caret-color: #2391d3;
  color: rgb(52,56,59);
  font-weight: 300;
  height: 56px;
  line-height: 24px;
  margin: 0 0 16px;
  outline: none;
  padding: 0 16px;
  width: 100%;
}

.emotion-0::-moz-placeholder {
  color: rgb(141,152,159);
  font-size: 11px;
  text-transform: none;
  opacity: 1;
}

.emotion-0::-ms-input-placeholder {
  color: rgb(141,152,159);
  font-size: 11px;
  text-transform: none;
}

.emotion-0::-webkit-input-placeholder {
  color: rgb(141,152,159);
  font-size: 11px;
  text-transform: none;
}

.emotion-0:focus {
  box-shadow: 0 0 0 1px #2391d3;
}

.emotion-0:invalid:not(:focus) {
  box-shadow: none;
}

<div
  className="emotion-1"
>
  <input
    className="wireinput emotion-0"
    disabled={true}
  />
</div>
`;

exports[`"Input" renders as invalid 1`] = `
.emotion-1 {
  background: rgb(247,248,250);
  -webkit-transition: background 0.15s;
  transition: background 0.15s;
}

.emotion-0 {
  background: #fff;
  border: none;
  border-radius: 4px;
  box-shadow: 0 0 0 1px #fb0807;
  caret-color: #2391d3;
  color: rgb(52,56,59);
  font-weight: 300;
  height: 56px;
  line-height: 24px;
  margin: 0 0 16px;
  outline: none;
  padding: 0 16px;
  width: 100%;
}

.emotion-0::-moz-placeholder {
  color: rgb(141,152,159);
  font-size: 11px;
  text-transform: none;
  opacity: 1;
}

.emotion-0::-ms-input-placeholder {
  color: rgb(141,152,159);
  font-size: 11px;
  text-transform: none;
}

.emotion-0::-webkit-input-placeholder {
  color: rgb(141,152,159);
  font-size: 11px;
  text-transform: none;
}

.emotion-0:focus {
  box-shadow: 0 0 0 1px #2391d3;
}

<div
  className="emotion-1"
>
  <input
    className="wireinput emotion-0"
  />
</div>
`;

exports[`"Input" renders with placeholderTextTransform 1`] = `
.emotion-1 {
  background: rgb(247,248,250);
  -webkit-transition: background 0.15s;
  transition: background 0.15s;
}

.emotion-0 {
  background: #fff;
  border: none;
  border-radius: 4px;
  box-shadow: none;
  caret-color: #2391d3;
  color: rgb(52,56,59);
  font-weight: 300;
  height: 56px;
  line-height: 24px;
  margin: 0 0 16px;
  outline: none;
  padding: 0 16px;
  width: 100%;
}

.emotion-0::-moz-placeholder {
  color: rgb(141,152,159);
  font-size: 11px;
  text-transform: uppercase;
  opacity: 1;
}

.emotion-0::-ms-input-placeholder {
  color: rgb(141,152,159);
  font-size: 11px;
  text-transform: uppercase;
}

.emotion-0::-webkit-input-placeholder {
  color: rgb(141,152,159);
  font-size: 11px;
  text-transform: uppercase;
}

.emotion-0:focus {
  box-shadow: 0 0 0 1px #2391d3;
}

.emotion-0:invalid:not(:focus) {
  box-shadow: none;
}

<div
  className="emotion-1"
>
  <input
    className="wireinput emotion-0"
    placeholder="Input"
  />
</div>
`;
