// Jest Snapshot v1, https://goo.gl/fbAQLP

exports[`"RangeInput" matches snapshot 1`] = `
.emotion-1 {
  position: relative;
  margin-top: 19px;
}

.emotion-2 {
  pointer-events: none;
  bottom: 100%;
  font-size: 16px;
  font-weight: 300;
  position: absolute;
  left: 4px;
}

.emotion-3 {
  pointer-events: none;
  bottom: 100%;
  font-size: 16px;
  font-weight: 300;
  position: absolute;
  right: 4px;
}

.emotion-4 {
  display: block;
  -webkit-appearance: none;
  width: 100%;
  height: 8px;
  background: #9fa1a7;
  border-radius: 4px;
  background-image: linear-gradient(#0667c8, #0667c8);
  -webkit-background-size: -50% 100%;
  background-size: -50% 100%;
  background-repeat: no-repeat;
}

.emotion-4::-webkit-slider-thumb {
  -webkit-appearance: none;
  height: 18px;
  width: 18px;
  border-radius: 50%;
  background: #54585f;
  cursor: pointer;
  border: none;
  box-shadow: none;
}

.emotion-4::-moz-range-thumb {
  -webkit-appearance: none;
  height: 18px;
  width: 18px;
  border-radius: 50%;
  background: #54585f;
  cursor: pointer;
  border: none;
  box-shadow: none;
}

.emotion-4::-ms-thumb {
  -webkit-appearance: none;
  height: 18px;
  width: 18px;
  border-radius: 50%;
  background: #54585f;
  cursor: pointer;
  border: none;
  box-shadow: none;
}

.emotion-4::-webkit-slider-runnable-track {
  -webkit-appearance: none;
  box-shadow: none;
  border: none;
  background: transparent;
}

.emotion-4::-moz-range-track {
  -webkit-appearance: none;
  box-shadow: none;
  border: none;
  background: transparent;
}

.emotion-4::-ms-track {
  -webkit-appearance: none;
  box-shadow: none;
  border: none;
  background: transparent;
}

<div
  css={[Function]}
>
  <div
    css={[Function]}
  >
    <div
      className="emotion-0"
    >
      <label
        css={[Function]}
        htmlFor="zoom-input"
      >
        Zoom
      </label>
      <div
        className="emotion-1"
      >
        <span
          className="emotion-2"
        >
          -
        </span>
        <span
          className="emotion-3"
        >
          +
        </span>
        <input
          className="emotion-4"
          id="zoom-input"
          max={3}
          min={1}
          name="zoom-input"
          onChange={[MockFunction]}
          step={0.1}
          type="range"
          value={0}
        />
      </div>
    </div>
  </div>
</div>
`;
