// Jest Snapshot v1, https://goo.gl/fbAQLP

exports[`"RangeInput" matches snapshot 1`] = `
<div
  className="css-7uml9n-StyledAppContainer"
>
  <div
    className="css-7uml9n-StyledAppContainer"
  >
    <div
      className="css-0"
    >
      <label
        className="css-180k17q-InputLabel"
        htmlFor="zoom-input"
      >
        Zoom
      </label>
      <div
        className="css-irx2dz"
      >
        <span
          className="css-1xle7h4"
        >
          -
        </span>
        <span
          className="css-7g2ml5"
        >
          +
        </span>
        <input
          className="css-5xbpwv"
          id="zoom-input"
          max={3}
          min={1}
          name="zoom-input"
          onChange={[MockFunction]}
          step={0.1}
          type="range"
          value={0}
        />
      </div>
    </div>
  </div>
</div>
`;
