// Jest Snapshot v1, https://goo.gl/fbAQLP

exports[`"Switch" renders (dark theme) 1`] = `
.emotion-0 {
  background: #000;
  -webkit-transition: background 0.15s;
  transition: background 0.15s;
}

.emotion-1 {
  display: grid;
  position: relative;
  text-align: left;
  -webkit-user-select: none;
  -moz-user-select: none;
  -ms-user-select: none;
  user-select: none;
  vertical-align: middle;
  width: 42px;
}

.emotion-2 {
  height: 0;
  width: 0;
  opacity: 0;
}

.emotion-2:focus+label {
  outline: 1px solid #043e78;
}

.emotion-3 {
  border-radius: 20px;
  cursor: pointer;
  display: block;
  margin: 0;
  overflow: hidden;
}

.emotion-4 {
  display: block;
  margin-left: -100%;
  -webkit-transition: margin 0.1s ease-in 0s;
  transition: margin 0.1s ease-in 0s;
  width: 200%;
}

.emotion-4:after {
  content: " ";
  padding-right: 10px;
  text-align: right;
}

.emotion-4:before {
  content: " ";
  padding-left: 10px;
}

.emotion-4:before,
.emotion-4:after {
  background-color: #d2d2d2;
  box-sizing: border-box;
  display: block;
  float: left;
  height: 25px;
  line-height: 1.5625rem;
  padding: 0;
  width: 50%;
}

.emotion-5 {
  background: #fff;
  border-radius: 100%;
  bottom: 0;
  box-shadow: 0px 0px 2px -1px gray;
  display: block;
  height: 23px;
  margin: 1px;
  position: absolute;
  right: 17px;
  top: 0;
  -webkit-transition: all 0.15s ease-in 0s;
  transition: all 0.15s ease-in 0s;
  width: 23px;
}

<div
  className="emotion-0"
>
  <div
    className="emotion-1"
  >
    <input
      checked={false}
      className="emotion-2"
      id="3"
      onChange={[Function]}
      onKeyDown={[Function]}
      type="checkbox"
    />
    <label
      className="emotion-3"
      htmlFor="3"
    >
      <span
        className="emotion-4"
      />
      <span
        className="emotion-5"
      />
    </label>
  </div>
</div>
`;

exports[`"Switch" renders checked 1`] = `
.emotion-0 {
  background: #edeff0;
  -webkit-transition: background 0.15s;
  transition: background 0.15s;
}

.emotion-1 {
  display: grid;
  position: relative;
  text-align: left;
  -webkit-user-select: none;
  -moz-user-select: none;
  -ms-user-select: none;
  user-select: none;
  vertical-align: middle;
  width: 42px;
}

.emotion-2 {
  height: 0;
  width: 0;
  opacity: 0;
}

.emotion-2:focus+label {
  outline: 1px solid #043e78;
}

.emotion-3 {
  border-radius: 20px;
  cursor: pointer;
  display: block;
  margin: 0;
  overflow: hidden;
}

.emotion-4 {
  display: block;
  margin-left: 0;
  -webkit-transition: margin 0.1s ease-in 0s;
  transition: margin 0.1s ease-in 0s;
  width: 200%;
}

.emotion-4:after {
  content: " ";
  padding-right: 10px;
  text-align: right;
}

.emotion-4:before {
  content: " ";
  padding-left: 10px;
}

.emotion-4:before,
.emotion-4:after {
  background-color: #0772de;
  box-sizing: border-box;
  display: block;
  float: left;
  height: 25px;
  line-height: 1.5625rem;
  padding: 0;
  width: 50%;
}

.emotion-5 {
  background: #fff;
  border-radius: 100%;
  bottom: 0;
  box-shadow: 0px 0px 2px -1px gray;
  display: block;
  height: 23px;
  margin: 1px;
  position: absolute;
  right: 0px;
  top: 0;
  -webkit-transition: all 0.15s ease-in 0s;
  transition: all 0.15s ease-in 0s;
  width: 23px;
}

<div
  className="emotion-0"
>
  <div
    className="emotion-1"
  >
    <input
      checked={true}
      className="emotion-2"
      id="2"
      onChange={[Function]}
      onKeyDown={[Function]}
      type="checkbox"
    />
    <label
      className="emotion-3"
      htmlFor="2"
    >
      <span
        className="emotion-4"
      />
      <span
        className="emotion-5"
      />
    </label>
  </div>
</div>
`;

exports[`"Switch" renders disabled 1`] = `
.emotion-0 {
  background: #edeff0;
  -webkit-transition: background 0.15s;
  transition: background 0.15s;
}

.emotion-1 {
  display: grid;
  position: relative;
  text-align: left;
  -webkit-user-select: none;
  -moz-user-select: none;
  -ms-user-select: none;
  user-select: none;
  vertical-align: middle;
  width: 42px;
}

.emotion-2 {
  height: 0;
  width: 0;
  opacity: 0;
}

.emotion-2:focus+label {
  outline: 1px solid #043e78;
}

.emotion-3 {
  border-radius: 20px;
  display: block;
  margin: 0;
  overflow: hidden;
}

.emotion-4 {
  display: block;
  margin-left: -100%;
  -webkit-transition: margin 0.1s ease-in 0s;
  transition: margin 0.1s ease-in 0s;
  width: 200%;
}

.emotion-4:after {
  content: " ";
  padding-right: 10px;
  text-align: right;
}

.emotion-4:before {
  content: " ";
  padding-left: 10px;
}

.emotion-4:before,
.emotion-4:after {
  background-color: rgb(228, 228, 228);
  box-sizing: border-box;
  display: block;
  float: left;
  height: 25px;
  line-height: 1.5625rem;
  padding: 0;
  width: 50%;
}

.emotion-5 {
  background: #fff;
  border-radius: 100%;
  bottom: 0;
  box-shadow: 0px 0px 2px -1px gray;
  display: block;
  height: 23px;
  margin: 1px;
  opacity: 0.7;
  position: absolute;
  right: 17px;
  top: 0;
  -webkit-transition: all 0.15s ease-in 0s;
  transition: all 0.15s ease-in 0s;
  width: 23px;
}

<div
  className="emotion-0"
>
  <div
    className="emotion-1"
  >
    <input
      checked={false}
      className="emotion-2"
      disabled={true}
      id="4"
      onChange={[Function]}
      onKeyDown={[Function]}
      type="checkbox"
    />
    <label
      className="emotion-3"
      htmlFor="4"
    >
      <span
        className="emotion-4"
      />
      <span
        className="emotion-5"
      />
    </label>
  </div>
</div>
`;

exports[`"Switch" renders unchecked 1`] = `
.emotion-0 {
  background: #edeff0;
  -webkit-transition: background 0.15s;
  transition: background 0.15s;
}

.emotion-1 {
  display: grid;
  position: relative;
  text-align: left;
  -webkit-user-select: none;
  -moz-user-select: none;
  -ms-user-select: none;
  user-select: none;
  vertical-align: middle;
  width: 42px;
}

.emotion-2 {
  height: 0;
  width: 0;
  opacity: 0;
}

.emotion-2:focus+label {
  outline: 1px solid #043e78;
}

.emotion-3 {
  border-radius: 20px;
  cursor: pointer;
  display: block;
  margin: 0;
  overflow: hidden;
}

.emotion-4 {
  display: block;
  margin-left: -100%;
  -webkit-transition: margin 0.1s ease-in 0s;
  transition: margin 0.1s ease-in 0s;
  width: 200%;
}

.emotion-4:after {
  content: " ";
  padding-right: 10px;
  text-align: right;
}

.emotion-4:before {
  content: " ";
  padding-left: 10px;
}

.emotion-4:before,
.emotion-4:after {
  background-color: #d2d2d2;
  box-sizing: border-box;
  display: block;
  float: left;
  height: 25px;
  line-height: 1.5625rem;
  padding: 0;
  width: 50%;
}

.emotion-5 {
  background: #fff;
  border-radius: 100%;
  bottom: 0;
  box-shadow: 0px 0px 2px -1px gray;
  display: block;
  height: 23px;
  margin: 1px;
  position: absolute;
  right: 17px;
  top: 0;
  -webkit-transition: all 0.15s ease-in 0s;
  transition: all 0.15s ease-in 0s;
  width: 23px;
}

<div
  className="emotion-0"
>
  <div
    className="emotion-1"
  >
    <input
      checked={false}
      className="emotion-2"
      id="1"
      onChange={[Function]}
      onKeyDown={[Function]}
      type="checkbox"
    />
    <label
      className="emotion-3"
      htmlFor="1"
    >
      <span
        className="emotion-4"
      />
      <span
        className="emotion-5"
      />
    </label>
  </div>
</div>
`;
