// Jest Snapshot v1, https://goo.gl/fbAQLP

exports[`"Heading" renders H! (dark theme) 1`] = `
[
  <style
    dangerouslySetInnerHTML={
      {
        "__html": ".css-1mc7zwm-StyledAppContainer{background:#000;-webkit-transition:background 0.15s;transition:background 0.15s;}",
      }
    }
    data-emotion="css 1mc7zwm-StyledAppContainer"
  />,
  <div
    className="css-1mc7zwm-StyledAppContainer"
  >
    <style
      dangerouslySetInnerHTML={
        {
          "__html": "html{line-height:1.15;-webkit-text-size-adjust:100%;}body{margin:0;}main{display:block;}h1{font-size:2em;margin:0.67em 0;}hr{box-sizing:content-box;height:0;overflow:visible;}pre{font-family:monospace,monospace;font-size:1em;}a{background-color:transparent;}abbr[title]{border-bottom:none;-webkit-text-decoration:underline;text-decoration:underline;-webkit-text-decoration:underline dotted;text-decoration:underline dotted;}b,strong{font-weight:bolder;}code,kbd,samp{font-family:monospace,monospace;font-size:1em;}small{font-size:80%;}sub,sup{font-size:75%;line-height:0;position:relative;vertical-align:baseline;}sub{bottom:-0.25em;}sup{top:-0.5em;}img{border-style:none;}button,input,optgroup,select,textarea{font-family:inherit;font-size:100%;line-height:1.15;margin:0;}button,input{overflow:visible;}button,select{text-transform:none;}button,[type="button"],[type="reset"],[type="submit"]{-webkit-appearance:button;}button::-moz-focus-inner,[type="button"]::-moz-focus-inner,[type="reset"]::-moz-focus-inner,[type="submit"]::-moz-focus-inner{border-style:none;padding:0;}button:-moz-focusring,[type="button"]:-moz-focusring,[type="reset"]:-moz-focusring,[type="submit"]:-moz-focusring{outline:1px dotted ButtonText;}fieldset{padding:0.35em 0.75em 0.625em;}legend{box-sizing:border-box;color:inherit;display:table;max-width:100%;padding:0;white-space:normal;}progress{vertical-align:baseline;}textarea{overflow:auto;}[type="checkbox"],[type="radio"]{box-sizing:border-box;padding:0;}[type="number"]::-webkit-inner-spin-button,[type="number"]::-webkit-outer-spin-button{height:auto;}[type="search"]{-webkit-appearance:textfield;outline-offset:-2px;}[type="search"]::-webkit-search-decoration{-webkit-appearance:none;}::-webkit-file-upload-button{-webkit-appearance:button;font:inherit;}details{display:block;}summary{display:-webkit-box;display:-webkit-list-item;display:-ms-list-itembox;display:list-item;}template{display:none;}[hidden]{display:none;}*{box-sizing:border-box;}b,strong{font-weight:600;}body{--accent-color:#0667c8;-webkit---accent-color-highlight:#e7f0fa;--accent-color-highlight:#e7f0fa;--accent-color-highlight-inversed:#022950;--accent-color-border:#0667c8;--accent-color-focus:#3885d3;--icon-primary-active-fill:#0667c8;--icon-secondary-active-border:transparent;--button-primary-hover:#0552a0;--button-primary-active:#043e78;--button-primary-active-border:#043e78;--button-primary-focus-border:#043e78;-moz-osx-font-smoothing:grayscale;-webkit-font-smoothing:antialiased;background:#000;color:#fff;display:-webkit-box;display:-webkit-flex;display:-ms-flexbox;display:flex;-webkit-flex-direction:column;-ms-flex-direction:column;flex-direction:column;font-family:-apple-system,BlinkMacSystemFont,Segoe UI,Roboto,Helvetica Neue,Helvetica,Arial,sans-serif;font-weight:300;line-height:1.5;min-height:100vh;-webkit-transition:background 0.15s;transition:background 0.15s;}body,body.theme-default{--checkbox-background:#edeff0;--checkbox-background-disabled:#fafafa;--checkbox-background-disabled-selected:#9fa1a7;--checkbox-border:#54585f;--checkbox-border-disabled:#676b71;--icon-button-primary-enabled-bg:#fff;--icon-button-primary-hover-bg:#edeff0;--icon-button-primary-border:#dce0e3;--icon-button-primary-disabled-bg:#edeff0;--icon-button-primary-disabled-border:#dce0e3;--icon-button-primary-hover-border:#cbced1;--button-primary-disabled-bg:#cbced1;--button-primary-disabled-text:#54585f;--button-tertiary-bg:#fff;--button-tertiary-border:#dce0e3;--button-tertiary-hover-bg:#edeff0;--button-tertiary-hover-border:#cbced1;--button-tertiary-disabled-bg:#edeff0;--button-tertiary-disabled-border:transparent;--text-input-background:#fff;--text-input-border:#dce0e3;--text-input-border-hover:#9fa1a7;--text-input-placeholder:#676b71;--text-input-disabled:#edeff0;--text-input-label:#54585f;--select-focused-description:#fff;--danger-color:#c20013;--app-bg:#fafafa;--main-color:#000;}body.theme-dark{--checkbox-background:#34373d;--checkbox-background-disabled:#34373d;--checkbox-background-disabled-selected:#54585f;--checkbox-border:#9fa1a7;--checkbox-border-disabled:#9fa1a7;--icon-button-primary-enabled-bg:#34373d;--icon-button-primary-hover-bg:#54585f;--icon-button-primary-border:#17181a;--icon-button-primary-disabled-bg:#26272c;--icon-button-primary-disabled-border:#34373d;--icon-button-primary-hover-border:#676b71;--button-primary-disabled-bg:#676b71;--button-primary-disabled-text:#000;--button-tertiary-bg:#34373d;--button-tertiary-border:#17181a;--button-tertiary-hover-bg:#54585f;--button-tertiary-hover-border:#54585f;--button-tertiary-disabled-bg:#26272c;--button-tertiary-disabled-border:transparent;--text-input-background:#000;--text-input-border:#54585f;--text-input-border-hover:#dce0e3;--text-input-placeholder:#9fa1a7;--text-input-disabled:#17181a;--text-input-label:#dce0e3;--select-focused-description:#dce0e3;--danger-color:#ff7770;--app-bg:#26272c;--main-color:#fff;}html{background:#000;-webkit-transition:background 0.15s;transition:background 0.15s;}p{margin-top:0;}",
        }
      }
      data-emotion="css-global 1vzghze-#54585f-#dce0e3-globalStyle"
    />
    <style
      dangerouslySetInnerHTML={
        {
          "__html": ".css-l5qfww-H1{color:#fff;display:block;font-size:48px;font-weight:300;text-align:left;text-transform:none;line-height:56px;margin-bottom:64px;margin-top:0;min-height:48px;}@media (max-width: 639px){.css-l5qfww-H1{font-size:40px;line-height:48px;}}",
        }
      }
      data-emotion="css l5qfww-H1"
    />
    <h1
      className="css-l5qfww-H1"
    >
      H1
    </h1>
  </div>,
]
`;

exports[`"Heading" renders H1 1`] = `
[
  <style
    dangerouslySetInnerHTML={
      {
        "__html": ".css-7uml9n-StyledAppContainer{background:#edeff0;-webkit-transition:background 0.15s;transition:background 0.15s;}",
      }
    }
    data-emotion="css 7uml9n-StyledAppContainer"
  />,
  <div
    className="css-7uml9n-StyledAppContainer"
  >
    <style
      dangerouslySetInnerHTML={
        {
          "__html": "html{line-height:1.15;-webkit-text-size-adjust:100%;}body{margin:0;}main{display:block;}h1{font-size:2em;margin:0.67em 0;}hr{box-sizing:content-box;height:0;overflow:visible;}pre{font-family:monospace,monospace;font-size:1em;}a{background-color:transparent;}abbr[title]{border-bottom:none;-webkit-text-decoration:underline;text-decoration:underline;-webkit-text-decoration:underline dotted;text-decoration:underline dotted;}b,strong{font-weight:bolder;}code,kbd,samp{font-family:monospace,monospace;font-size:1em;}small{font-size:80%;}sub,sup{font-size:75%;line-height:0;position:relative;vertical-align:baseline;}sub{bottom:-0.25em;}sup{top:-0.5em;}img{border-style:none;}button,input,optgroup,select,textarea{font-family:inherit;font-size:100%;line-height:1.15;margin:0;}button,input{overflow:visible;}button,select{text-transform:none;}button,[type="button"],[type="reset"],[type="submit"]{-webkit-appearance:button;}button::-moz-focus-inner,[type="button"]::-moz-focus-inner,[type="reset"]::-moz-focus-inner,[type="submit"]::-moz-focus-inner{border-style:none;padding:0;}button:-moz-focusring,[type="button"]:-moz-focusring,[type="reset"]:-moz-focusring,[type="submit"]:-moz-focusring{outline:1px dotted ButtonText;}fieldset{padding:0.35em 0.75em 0.625em;}legend{box-sizing:border-box;color:inherit;display:table;max-width:100%;padding:0;white-space:normal;}progress{vertical-align:baseline;}textarea{overflow:auto;}[type="checkbox"],[type="radio"]{box-sizing:border-box;padding:0;}[type="number"]::-webkit-inner-spin-button,[type="number"]::-webkit-outer-spin-button{height:auto;}[type="search"]{-webkit-appearance:textfield;outline-offset:-2px;}[type="search"]::-webkit-search-decoration{-webkit-appearance:none;}::-webkit-file-upload-button{-webkit-appearance:button;font:inherit;}details{display:block;}summary{display:-webkit-box;display:-webkit-list-item;display:-ms-list-itembox;display:list-item;}template{display:none;}[hidden]{display:none;}*{box-sizing:border-box;}b,strong{font-weight:600;}body{--accent-color:#0667c8;-webkit---accent-color-highlight:#e7f0fa;--accent-color-highlight:#e7f0fa;--accent-color-highlight-inversed:#022950;--accent-color-border:#0667c8;--accent-color-focus:#3885d3;--icon-primary-active-fill:#0667c8;--icon-secondary-active-border:transparent;--button-primary-hover:#0552a0;--button-primary-active:#043e78;--button-primary-active-border:#043e78;--button-primary-focus-border:#043e78;-moz-osx-font-smoothing:grayscale;-webkit-font-smoothing:antialiased;background:#edeff0;color:rgb(29, 30, 31);display:-webkit-box;display:-webkit-flex;display:-ms-flexbox;display:flex;-webkit-flex-direction:column;-ms-flex-direction:column;flex-direction:column;font-family:-apple-system,BlinkMacSystemFont,Segoe UI,Roboto,Helvetica Neue,Helvetica,Arial,sans-serif;font-weight:300;line-height:1.5;min-height:100vh;-webkit-transition:background 0.15s;transition:background 0.15s;}body,body.theme-default{--checkbox-background:#edeff0;--checkbox-background-disabled:#fafafa;--checkbox-background-disabled-selected:#9fa1a7;--checkbox-border:#54585f;--checkbox-border-disabled:#676b71;--icon-button-primary-enabled-bg:#fff;--icon-button-primary-hover-bg:#edeff0;--icon-button-primary-border:#dce0e3;--icon-button-primary-disabled-bg:#edeff0;--icon-button-primary-disabled-border:#dce0e3;--icon-button-primary-hover-border:#cbced1;--button-primary-disabled-bg:#cbced1;--button-primary-disabled-text:#54585f;--button-tertiary-bg:#fff;--button-tertiary-border:#dce0e3;--button-tertiary-hover-bg:#edeff0;--button-tertiary-hover-border:#cbced1;--button-tertiary-disabled-bg:#edeff0;--button-tertiary-disabled-border:transparent;--text-input-background:#fff;--text-input-border:#dce0e3;--text-input-border-hover:#9fa1a7;--text-input-placeholder:#676b71;--text-input-disabled:#edeff0;--text-input-label:#54585f;--select-focused-description:#fff;--danger-color:#c20013;--app-bg:#fafafa;--main-color:#000;}body.theme-dark{--checkbox-background:#34373d;--checkbox-background-disabled:#34373d;--checkbox-background-disabled-selected:#54585f;--checkbox-border:#9fa1a7;--checkbox-border-disabled:#9fa1a7;--icon-button-primary-enabled-bg:#34373d;--icon-button-primary-hover-bg:#54585f;--icon-button-primary-border:#17181a;--icon-button-primary-disabled-bg:#26272c;--icon-button-primary-disabled-border:#34373d;--icon-button-primary-hover-border:#676b71;--button-primary-disabled-bg:#676b71;--button-primary-disabled-text:#000;--button-tertiary-bg:#34373d;--button-tertiary-border:#17181a;--button-tertiary-hover-bg:#54585f;--button-tertiary-hover-border:#54585f;--button-tertiary-disabled-bg:#26272c;--button-tertiary-disabled-border:transparent;--text-input-background:#000;--text-input-border:#54585f;--text-input-border-hover:#dce0e3;--text-input-placeholder:#9fa1a7;--text-input-disabled:#17181a;--text-input-label:#dce0e3;--select-focused-description:#dce0e3;--danger-color:#ff7770;--app-bg:#26272c;--main-color:#fff;}html{background:#edeff0;-webkit-transition:background 0.15s;transition:background 0.15s;}p{margin-top:0;}",
        }
      }
      data-emotion="css-global 11ozpjr-#54585f-#dce0e3-globalStyle"
    />
    <style
      dangerouslySetInnerHTML={
        {
          "__html": ".css-1mxde5b-H1{color:rgb(29, 30, 31);display:block;font-size:48px;font-weight:300;text-align:left;text-transform:none;line-height:56px;margin-bottom:64px;margin-top:0;min-height:48px;}@media (max-width: 639px){.css-1mxde5b-H1{font-size:40px;line-height:48px;}}",
        }
      }
      data-emotion="css 1mxde5b-H1"
    />
    <h1
      className="css-1mxde5b-H1"
    >
      H1
    </h1>
  </div>,
]
`;

exports[`"Heading" renders H1 2`] = `
[
  <style
    dangerouslySetInnerHTML={
      {
        "__html": ".css-7uml9n-StyledAppContainer{background:#edeff0;-webkit-transition:background 0.15s;transition:background 0.15s;}",
      }
    }
    data-emotion="css 7uml9n-StyledAppContainer"
  />,
  <div
    className="css-7uml9n-StyledAppContainer"
  >
    <style
      dangerouslySetInnerHTML={
        {
          "__html": "html{line-height:1.15;-webkit-text-size-adjust:100%;}body{margin:0;}main{display:block;}h1{font-size:2em;margin:0.67em 0;}hr{box-sizing:content-box;height:0;overflow:visible;}pre{font-family:monospace,monospace;font-size:1em;}a{background-color:transparent;}abbr[title]{border-bottom:none;-webkit-text-decoration:underline;text-decoration:underline;-webkit-text-decoration:underline dotted;text-decoration:underline dotted;}b,strong{font-weight:bolder;}code,kbd,samp{font-family:monospace,monospace;font-size:1em;}small{font-size:80%;}sub,sup{font-size:75%;line-height:0;position:relative;vertical-align:baseline;}sub{bottom:-0.25em;}sup{top:-0.5em;}img{border-style:none;}button,input,optgroup,select,textarea{font-family:inherit;font-size:100%;line-height:1.15;margin:0;}button,input{overflow:visible;}button,select{text-transform:none;}button,[type="button"],[type="reset"],[type="submit"]{-webkit-appearance:button;}button::-moz-focus-inner,[type="button"]::-moz-focus-inner,[type="reset"]::-moz-focus-inner,[type="submit"]::-moz-focus-inner{border-style:none;padding:0;}button:-moz-focusring,[type="button"]:-moz-focusring,[type="reset"]:-moz-focusring,[type="submit"]:-moz-focusring{outline:1px dotted ButtonText;}fieldset{padding:0.35em 0.75em 0.625em;}legend{box-sizing:border-box;color:inherit;display:table;max-width:100%;padding:0;white-space:normal;}progress{vertical-align:baseline;}textarea{overflow:auto;}[type="checkbox"],[type="radio"]{box-sizing:border-box;padding:0;}[type="number"]::-webkit-inner-spin-button,[type="number"]::-webkit-outer-spin-button{height:auto;}[type="search"]{-webkit-appearance:textfield;outline-offset:-2px;}[type="search"]::-webkit-search-decoration{-webkit-appearance:none;}::-webkit-file-upload-button{-webkit-appearance:button;font:inherit;}details{display:block;}summary{display:-webkit-box;display:-webkit-list-item;display:-ms-list-itembox;display:list-item;}template{display:none;}[hidden]{display:none;}*{box-sizing:border-box;}b,strong{font-weight:600;}body{--accent-color:#0667c8;-webkit---accent-color-highlight:#e7f0fa;--accent-color-highlight:#e7f0fa;--accent-color-highlight-inversed:#022950;--accent-color-border:#0667c8;--accent-color-focus:#3885d3;--icon-primary-active-fill:#0667c8;--icon-secondary-active-border:transparent;--button-primary-hover:#0552a0;--button-primary-active:#043e78;--button-primary-active-border:#043e78;--button-primary-focus-border:#043e78;-moz-osx-font-smoothing:grayscale;-webkit-font-smoothing:antialiased;background:#edeff0;color:rgb(29, 30, 31);display:-webkit-box;display:-webkit-flex;display:-ms-flexbox;display:flex;-webkit-flex-direction:column;-ms-flex-direction:column;flex-direction:column;font-family:-apple-system,BlinkMacSystemFont,Segoe UI,Roboto,Helvetica Neue,Helvetica,Arial,sans-serif;font-weight:300;line-height:1.5;min-height:100vh;-webkit-transition:background 0.15s;transition:background 0.15s;}body,body.theme-default{--checkbox-background:#edeff0;--checkbox-background-disabled:#fafafa;--checkbox-background-disabled-selected:#9fa1a7;--checkbox-border:#54585f;--checkbox-border-disabled:#676b71;--icon-button-primary-enabled-bg:#fff;--icon-button-primary-hover-bg:#edeff0;--icon-button-primary-border:#dce0e3;--icon-button-primary-disabled-bg:#edeff0;--icon-button-primary-disabled-border:#dce0e3;--icon-button-primary-hover-border:#cbced1;--button-primary-disabled-bg:#cbced1;--button-primary-disabled-text:#54585f;--button-tertiary-bg:#fff;--button-tertiary-border:#dce0e3;--button-tertiary-hover-bg:#edeff0;--button-tertiary-hover-border:#cbced1;--button-tertiary-disabled-bg:#edeff0;--button-tertiary-disabled-border:transparent;--text-input-background:#fff;--text-input-border:#dce0e3;--text-input-border-hover:#9fa1a7;--text-input-placeholder:#676b71;--text-input-disabled:#edeff0;--text-input-label:#54585f;--select-focused-description:#fff;--danger-color:#c20013;--app-bg:#fafafa;--main-color:#000;}body.theme-dark{--checkbox-background:#34373d;--checkbox-background-disabled:#34373d;--checkbox-background-disabled-selected:#54585f;--checkbox-border:#9fa1a7;--checkbox-border-disabled:#9fa1a7;--icon-button-primary-enabled-bg:#34373d;--icon-button-primary-hover-bg:#54585f;--icon-button-primary-border:#17181a;--icon-button-primary-disabled-bg:#26272c;--icon-button-primary-disabled-border:#34373d;--icon-button-primary-hover-border:#676b71;--button-primary-disabled-bg:#676b71;--button-primary-disabled-text:#000;--button-tertiary-bg:#34373d;--button-tertiary-border:#17181a;--button-tertiary-hover-bg:#54585f;--button-tertiary-hover-border:#54585f;--button-tertiary-disabled-bg:#26272c;--button-tertiary-disabled-border:transparent;--text-input-background:#000;--text-input-border:#54585f;--text-input-border-hover:#dce0e3;--text-input-placeholder:#9fa1a7;--text-input-disabled:#17181a;--text-input-label:#dce0e3;--select-focused-description:#dce0e3;--danger-color:#ff7770;--app-bg:#26272c;--main-color:#fff;}html{background:#edeff0;-webkit-transition:background 0.15s;transition:background 0.15s;}p{margin-top:0;}",
        }
      }
      data-emotion="css-global 11ozpjr-#54585f-#dce0e3-globalStyle"
    />
    <style
      dangerouslySetInnerHTML={
        {
          "__html": ".css-1mxde5b-H1{color:rgb(29, 30, 31);display:block;font-size:48px;font-weight:300;text-align:left;text-transform:none;line-height:56px;margin-bottom:64px;margin-top:0;min-height:48px;}@media (max-width: 639px){.css-1mxde5b-H1{font-size:40px;line-height:48px;}}",
        }
      }
      data-emotion="css 1mxde5b-H1"
    />
    <h1
      className="css-1mxde5b-H1"
    >
      H1
    </h1>
  </div>,
]
`;

exports[`"Heading" renders H2 1`] = `
[
  <style
    dangerouslySetInnerHTML={
      {
        "__html": ".css-7uml9n-StyledAppContainer{background:#edeff0;-webkit-transition:background 0.15s;transition:background 0.15s;}",
      }
    }
    data-emotion="css 7uml9n-StyledAppContainer"
  />,
  <div
    className="css-7uml9n-StyledAppContainer"
  >
    <style
      dangerouslySetInnerHTML={
        {
          "__html": "html{line-height:1.15;-webkit-text-size-adjust:100%;}body{margin:0;}main{display:block;}h1{font-size:2em;margin:0.67em 0;}hr{box-sizing:content-box;height:0;overflow:visible;}pre{font-family:monospace,monospace;font-size:1em;}a{background-color:transparent;}abbr[title]{border-bottom:none;-webkit-text-decoration:underline;text-decoration:underline;-webkit-text-decoration:underline dotted;text-decoration:underline dotted;}b,strong{font-weight:bolder;}code,kbd,samp{font-family:monospace,monospace;font-size:1em;}small{font-size:80%;}sub,sup{font-size:75%;line-height:0;position:relative;vertical-align:baseline;}sub{bottom:-0.25em;}sup{top:-0.5em;}img{border-style:none;}button,input,optgroup,select,textarea{font-family:inherit;font-size:100%;line-height:1.15;margin:0;}button,input{overflow:visible;}button,select{text-transform:none;}button,[type="button"],[type="reset"],[type="submit"]{-webkit-appearance:button;}button::-moz-focus-inner,[type="button"]::-moz-focus-inner,[type="reset"]::-moz-focus-inner,[type="submit"]::-moz-focus-inner{border-style:none;padding:0;}button:-moz-focusring,[type="button"]:-moz-focusring,[type="reset"]:-moz-focusring,[type="submit"]:-moz-focusring{outline:1px dotted ButtonText;}fieldset{padding:0.35em 0.75em 0.625em;}legend{box-sizing:border-box;color:inherit;display:table;max-width:100%;padding:0;white-space:normal;}progress{vertical-align:baseline;}textarea{overflow:auto;}[type="checkbox"],[type="radio"]{box-sizing:border-box;padding:0;}[type="number"]::-webkit-inner-spin-button,[type="number"]::-webkit-outer-spin-button{height:auto;}[type="search"]{-webkit-appearance:textfield;outline-offset:-2px;}[type="search"]::-webkit-search-decoration{-webkit-appearance:none;}::-webkit-file-upload-button{-webkit-appearance:button;font:inherit;}details{display:block;}summary{display:-webkit-box;display:-webkit-list-item;display:-ms-list-itembox;display:list-item;}template{display:none;}[hidden]{display:none;}*{box-sizing:border-box;}b,strong{font-weight:600;}body{--accent-color:#0667c8;-webkit---accent-color-highlight:#e7f0fa;--accent-color-highlight:#e7f0fa;--accent-color-highlight-inversed:#022950;--accent-color-border:#0667c8;--accent-color-focus:#3885d3;--icon-primary-active-fill:#0667c8;--icon-secondary-active-border:transparent;--button-primary-hover:#0552a0;--button-primary-active:#043e78;--button-primary-active-border:#043e78;--button-primary-focus-border:#043e78;-moz-osx-font-smoothing:grayscale;-webkit-font-smoothing:antialiased;background:#edeff0;color:rgb(29, 30, 31);display:-webkit-box;display:-webkit-flex;display:-ms-flexbox;display:flex;-webkit-flex-direction:column;-ms-flex-direction:column;flex-direction:column;font-family:-apple-system,BlinkMacSystemFont,Segoe UI,Roboto,Helvetica Neue,Helvetica,Arial,sans-serif;font-weight:300;line-height:1.5;min-height:100vh;-webkit-transition:background 0.15s;transition:background 0.15s;}body,body.theme-default{--checkbox-background:#edeff0;--checkbox-background-disabled:#fafafa;--checkbox-background-disabled-selected:#9fa1a7;--checkbox-border:#54585f;--checkbox-border-disabled:#676b71;--icon-button-primary-enabled-bg:#fff;--icon-button-primary-hover-bg:#edeff0;--icon-button-primary-border:#dce0e3;--icon-button-primary-disabled-bg:#edeff0;--icon-button-primary-disabled-border:#dce0e3;--icon-button-primary-hover-border:#cbced1;--button-primary-disabled-bg:#cbced1;--button-primary-disabled-text:#54585f;--button-tertiary-bg:#fff;--button-tertiary-border:#dce0e3;--button-tertiary-hover-bg:#edeff0;--button-tertiary-hover-border:#cbced1;--button-tertiary-disabled-bg:#edeff0;--button-tertiary-disabled-border:transparent;--text-input-background:#fff;--text-input-border:#dce0e3;--text-input-border-hover:#9fa1a7;--text-input-placeholder:#676b71;--text-input-disabled:#edeff0;--text-input-label:#54585f;--select-focused-description:#fff;--danger-color:#c20013;--app-bg:#fafafa;--main-color:#000;}body.theme-dark{--checkbox-background:#34373d;--checkbox-background-disabled:#34373d;--checkbox-background-disabled-selected:#54585f;--checkbox-border:#9fa1a7;--checkbox-border-disabled:#9fa1a7;--icon-button-primary-enabled-bg:#34373d;--icon-button-primary-hover-bg:#54585f;--icon-button-primary-border:#17181a;--icon-button-primary-disabled-bg:#26272c;--icon-button-primary-disabled-border:#34373d;--icon-button-primary-hover-border:#676b71;--button-primary-disabled-bg:#676b71;--button-primary-disabled-text:#000;--button-tertiary-bg:#34373d;--button-tertiary-border:#17181a;--button-tertiary-hover-bg:#54585f;--button-tertiary-hover-border:#54585f;--button-tertiary-disabled-bg:#26272c;--button-tertiary-disabled-border:transparent;--text-input-background:#000;--text-input-border:#54585f;--text-input-border-hover:#dce0e3;--text-input-placeholder:#9fa1a7;--text-input-disabled:#17181a;--text-input-label:#dce0e3;--select-focused-description:#dce0e3;--danger-color:#ff7770;--app-bg:#26272c;--main-color:#fff;}html{background:#edeff0;-webkit-transition:background 0.15s;transition:background 0.15s;}p{margin-top:0;}",
        }
      }
      data-emotion="css-global 11ozpjr-#54585f-#dce0e3-globalStyle"
    />
    <style
      dangerouslySetInnerHTML={
        {
          "__html": ".css-7ld864-H2{color:rgb(29, 30, 31);display:block;font-size:20px;font-weight:700;text-align:left;text-transform:none;line-height:28px;margin-bottom:24px;margin-top:32px;}@media (max-width: 639px){.css-7ld864-H2{font-size:18px;line-height:26px;margin-bottom:20px;margin-top:26px;}}",
        }
      }
      data-emotion="css 7ld864-H2"
    />
    <h2
      className="css-7ld864-H2"
    >
      H2
    </h2>
  </div>,
]
`;

exports[`"Heading" renders H3 1`] = `
[
  <style
    dangerouslySetInnerHTML={
      {
        "__html": ".css-7uml9n-StyledAppContainer{background:#edeff0;-webkit-transition:background 0.15s;transition:background 0.15s;}",
      }
    }
    data-emotion="css 7uml9n-StyledAppContainer"
  />,
  <div
    className="css-7uml9n-StyledAppContainer"
  >
    <style
      dangerouslySetInnerHTML={
        {
          "__html": "html{line-height:1.15;-webkit-text-size-adjust:100%;}body{margin:0;}main{display:block;}h1{font-size:2em;margin:0.67em 0;}hr{box-sizing:content-box;height:0;overflow:visible;}pre{font-family:monospace,monospace;font-size:1em;}a{background-color:transparent;}abbr[title]{border-bottom:none;-webkit-text-decoration:underline;text-decoration:underline;-webkit-text-decoration:underline dotted;text-decoration:underline dotted;}b,strong{font-weight:bolder;}code,kbd,samp{font-family:monospace,monospace;font-size:1em;}small{font-size:80%;}sub,sup{font-size:75%;line-height:0;position:relative;vertical-align:baseline;}sub{bottom:-0.25em;}sup{top:-0.5em;}img{border-style:none;}button,input,optgroup,select,textarea{font-family:inherit;font-size:100%;line-height:1.15;margin:0;}button,input{overflow:visible;}button,select{text-transform:none;}button,[type="button"],[type="reset"],[type="submit"]{-webkit-appearance:button;}button::-moz-focus-inner,[type="button"]::-moz-focus-inner,[type="reset"]::-moz-focus-inner,[type="submit"]::-moz-focus-inner{border-style:none;padding:0;}button:-moz-focusring,[type="button"]:-moz-focusring,[type="reset"]:-moz-focusring,[type="submit"]:-moz-focusring{outline:1px dotted ButtonText;}fieldset{padding:0.35em 0.75em 0.625em;}legend{box-sizing:border-box;color:inherit;display:table;max-width:100%;padding:0;white-space:normal;}progress{vertical-align:baseline;}textarea{overflow:auto;}[type="checkbox"],[type="radio"]{box-sizing:border-box;padding:0;}[type="number"]::-webkit-inner-spin-button,[type="number"]::-webkit-outer-spin-button{height:auto;}[type="search"]{-webkit-appearance:textfield;outline-offset:-2px;}[type="search"]::-webkit-search-decoration{-webkit-appearance:none;}::-webkit-file-upload-button{-webkit-appearance:button;font:inherit;}details{display:block;}summary{display:-webkit-box;display:-webkit-list-item;display:-ms-list-itembox;display:list-item;}template{display:none;}[hidden]{display:none;}*{box-sizing:border-box;}b,strong{font-weight:600;}body{--accent-color:#0667c8;-webkit---accent-color-highlight:#e7f0fa;--accent-color-highlight:#e7f0fa;--accent-color-highlight-inversed:#022950;--accent-color-border:#0667c8;--accent-color-focus:#3885d3;--icon-primary-active-fill:#0667c8;--icon-secondary-active-border:transparent;--button-primary-hover:#0552a0;--button-primary-active:#043e78;--button-primary-active-border:#043e78;--button-primary-focus-border:#043e78;-moz-osx-font-smoothing:grayscale;-webkit-font-smoothing:antialiased;background:#edeff0;color:rgb(29, 30, 31);display:-webkit-box;display:-webkit-flex;display:-ms-flexbox;display:flex;-webkit-flex-direction:column;-ms-flex-direction:column;flex-direction:column;font-family:-apple-system,BlinkMacSystemFont,Segoe UI,Roboto,Helvetica Neue,Helvetica,Arial,sans-serif;font-weight:300;line-height:1.5;min-height:100vh;-webkit-transition:background 0.15s;transition:background 0.15s;}body,body.theme-default{--checkbox-background:#edeff0;--checkbox-background-disabled:#fafafa;--checkbox-background-disabled-selected:#9fa1a7;--checkbox-border:#54585f;--checkbox-border-disabled:#676b71;--icon-button-primary-enabled-bg:#fff;--icon-button-primary-hover-bg:#edeff0;--icon-button-primary-border:#dce0e3;--icon-button-primary-disabled-bg:#edeff0;--icon-button-primary-disabled-border:#dce0e3;--icon-button-primary-hover-border:#cbced1;--button-primary-disabled-bg:#cbced1;--button-primary-disabled-text:#54585f;--button-tertiary-bg:#fff;--button-tertiary-border:#dce0e3;--button-tertiary-hover-bg:#edeff0;--button-tertiary-hover-border:#cbced1;--button-tertiary-disabled-bg:#edeff0;--button-tertiary-disabled-border:transparent;--text-input-background:#fff;--text-input-border:#dce0e3;--text-input-border-hover:#9fa1a7;--text-input-placeholder:#676b71;--text-input-disabled:#edeff0;--text-input-label:#54585f;--select-focused-description:#fff;--danger-color:#c20013;--app-bg:#fafafa;--main-color:#000;}body.theme-dark{--checkbox-background:#34373d;--checkbox-background-disabled:#34373d;--checkbox-background-disabled-selected:#54585f;--checkbox-border:#9fa1a7;--checkbox-border-disabled:#9fa1a7;--icon-button-primary-enabled-bg:#34373d;--icon-button-primary-hover-bg:#54585f;--icon-button-primary-border:#17181a;--icon-button-primary-disabled-bg:#26272c;--icon-button-primary-disabled-border:#34373d;--icon-button-primary-hover-border:#676b71;--button-primary-disabled-bg:#676b71;--button-primary-disabled-text:#000;--button-tertiary-bg:#34373d;--button-tertiary-border:#17181a;--button-tertiary-hover-bg:#54585f;--button-tertiary-hover-border:#54585f;--button-tertiary-disabled-bg:#26272c;--button-tertiary-disabled-border:transparent;--text-input-background:#000;--text-input-border:#54585f;--text-input-border-hover:#dce0e3;--text-input-placeholder:#9fa1a7;--text-input-disabled:#17181a;--text-input-label:#dce0e3;--select-focused-description:#dce0e3;--danger-color:#ff7770;--app-bg:#26272c;--main-color:#fff;}html{background:#edeff0;-webkit-transition:background 0.15s;transition:background 0.15s;}p{margin-top:0;}",
        }
      }
      data-emotion="css-global 11ozpjr-#54585f-#dce0e3-globalStyle"
    />
    <style
      dangerouslySetInnerHTML={
        {
          "__html": ".css-1i6ms6d-H3{color:rgb(29, 30, 31);display:block;font-size:16px;font-weight:600;text-align:left;text-transform:none;margin-bottom:16px;}",
        }
      }
      data-emotion="css 1i6ms6d-H3"
    />
    <h3
      className="css-1i6ms6d-H3"
    >
      H3
    </h3>
  </div>,
]
`;

exports[`"Heading" renders H4 1`] = `
[
  <style
    dangerouslySetInnerHTML={
      {
        "__html": ".css-7uml9n-StyledAppContainer{background:#edeff0;-webkit-transition:background 0.15s;transition:background 0.15s;}",
      }
    }
    data-emotion="css 7uml9n-StyledAppContainer"
  />,
  <div
    className="css-7uml9n-StyledAppContainer"
  >
    <style
      dangerouslySetInnerHTML={
        {
          "__html": "html{line-height:1.15;-webkit-text-size-adjust:100%;}body{margin:0;}main{display:block;}h1{font-size:2em;margin:0.67em 0;}hr{box-sizing:content-box;height:0;overflow:visible;}pre{font-family:monospace,monospace;font-size:1em;}a{background-color:transparent;}abbr[title]{border-bottom:none;-webkit-text-decoration:underline;text-decoration:underline;-webkit-text-decoration:underline dotted;text-decoration:underline dotted;}b,strong{font-weight:bolder;}code,kbd,samp{font-family:monospace,monospace;font-size:1em;}small{font-size:80%;}sub,sup{font-size:75%;line-height:0;position:relative;vertical-align:baseline;}sub{bottom:-0.25em;}sup{top:-0.5em;}img{border-style:none;}button,input,optgroup,select,textarea{font-family:inherit;font-size:100%;line-height:1.15;margin:0;}button,input{overflow:visible;}button,select{text-transform:none;}button,[type="button"],[type="reset"],[type="submit"]{-webkit-appearance:button;}button::-moz-focus-inner,[type="button"]::-moz-focus-inner,[type="reset"]::-moz-focus-inner,[type="submit"]::-moz-focus-inner{border-style:none;padding:0;}button:-moz-focusring,[type="button"]:-moz-focusring,[type="reset"]:-moz-focusring,[type="submit"]:-moz-focusring{outline:1px dotted ButtonText;}fieldset{padding:0.35em 0.75em 0.625em;}legend{box-sizing:border-box;color:inherit;display:table;max-width:100%;padding:0;white-space:normal;}progress{vertical-align:baseline;}textarea{overflow:auto;}[type="checkbox"],[type="radio"]{box-sizing:border-box;padding:0;}[type="number"]::-webkit-inner-spin-button,[type="number"]::-webkit-outer-spin-button{height:auto;}[type="search"]{-webkit-appearance:textfield;outline-offset:-2px;}[type="search"]::-webkit-search-decoration{-webkit-appearance:none;}::-webkit-file-upload-button{-webkit-appearance:button;font:inherit;}details{display:block;}summary{display:-webkit-box;display:-webkit-list-item;display:-ms-list-itembox;display:list-item;}template{display:none;}[hidden]{display:none;}*{box-sizing:border-box;}b,strong{font-weight:600;}body{--accent-color:#0667c8;-webkit---accent-color-highlight:#e7f0fa;--accent-color-highlight:#e7f0fa;--accent-color-highlight-inversed:#022950;--accent-color-border:#0667c8;--accent-color-focus:#3885d3;--icon-primary-active-fill:#0667c8;--icon-secondary-active-border:transparent;--button-primary-hover:#0552a0;--button-primary-active:#043e78;--button-primary-active-border:#043e78;--button-primary-focus-border:#043e78;-moz-osx-font-smoothing:grayscale;-webkit-font-smoothing:antialiased;background:#edeff0;color:rgb(29, 30, 31);display:-webkit-box;display:-webkit-flex;display:-ms-flexbox;display:flex;-webkit-flex-direction:column;-ms-flex-direction:column;flex-direction:column;font-family:-apple-system,BlinkMacSystemFont,Segoe UI,Roboto,Helvetica Neue,Helvetica,Arial,sans-serif;font-weight:300;line-height:1.5;min-height:100vh;-webkit-transition:background 0.15s;transition:background 0.15s;}body,body.theme-default{--checkbox-background:#edeff0;--checkbox-background-disabled:#fafafa;--checkbox-background-disabled-selected:#9fa1a7;--checkbox-border:#54585f;--checkbox-border-disabled:#676b71;--icon-button-primary-enabled-bg:#fff;--icon-button-primary-hover-bg:#edeff0;--icon-button-primary-border:#dce0e3;--icon-button-primary-disabled-bg:#edeff0;--icon-button-primary-disabled-border:#dce0e3;--icon-button-primary-hover-border:#cbced1;--button-primary-disabled-bg:#cbced1;--button-primary-disabled-text:#54585f;--button-tertiary-bg:#fff;--button-tertiary-border:#dce0e3;--button-tertiary-hover-bg:#edeff0;--button-tertiary-hover-border:#cbced1;--button-tertiary-disabled-bg:#edeff0;--button-tertiary-disabled-border:transparent;--text-input-background:#fff;--text-input-border:#dce0e3;--text-input-border-hover:#9fa1a7;--text-input-placeholder:#676b71;--text-input-disabled:#edeff0;--text-input-label:#54585f;--select-focused-description:#fff;--danger-color:#c20013;--app-bg:#fafafa;--main-color:#000;}body.theme-dark{--checkbox-background:#34373d;--checkbox-background-disabled:#34373d;--checkbox-background-disabled-selected:#54585f;--checkbox-border:#9fa1a7;--checkbox-border-disabled:#9fa1a7;--icon-button-primary-enabled-bg:#34373d;--icon-button-primary-hover-bg:#54585f;--icon-button-primary-border:#17181a;--icon-button-primary-disabled-bg:#26272c;--icon-button-primary-disabled-border:#34373d;--icon-button-primary-hover-border:#676b71;--button-primary-disabled-bg:#676b71;--button-primary-disabled-text:#000;--button-tertiary-bg:#34373d;--button-tertiary-border:#17181a;--button-tertiary-hover-bg:#54585f;--button-tertiary-hover-border:#54585f;--button-tertiary-disabled-bg:#26272c;--button-tertiary-disabled-border:transparent;--text-input-background:#000;--text-input-border:#54585f;--text-input-border-hover:#dce0e3;--text-input-placeholder:#9fa1a7;--text-input-disabled:#17181a;--text-input-label:#dce0e3;--select-focused-description:#dce0e3;--danger-color:#ff7770;--app-bg:#26272c;--main-color:#fff;}html{background:#edeff0;-webkit-transition:background 0.15s;transition:background 0.15s;}p{margin-top:0;}",
        }
      }
      data-emotion="css-global 11ozpjr-#54585f-#dce0e3-globalStyle"
    />
    <style
      dangerouslySetInnerHTML={
        {
          "__html": ".css-1gksb4j-H4{color:rgb(29, 30, 31);display:block;font-size:11px;font-weight:300;text-align:left;text-transform:none;margin-bottom:5px;margin-top:20px;}",
        }
      }
      data-emotion="css 1gksb4j-H4"
    />
    <h3
      className="css-1gksb4j-H4"
    >
      H4
    </h3>
  </div>,
]
`;
